C:\dev\personal\SPT-Check-Mods\Services\IgnoredUpdateStore.cs(49,18): error CS1061: 'Mod' does not contain a definition for 'ApiModId' and no accessible extension method 'ApiModId' accepting a first argument of type 'Mod' could be found (are you missing a using directive or an assembly reference?) [C:\dev\personal\SPT-Check-Mods\CheckMods.csproj]
C:\dev\personal\SPT-Check-Mods\Services\IgnoredUpdateStore.cs(49,43): error CS1061: 'Mod' does not contain a definition for 'LatestVersion' and no accessible extension method 'LatestVersion' accepting a first argument of type 'Mod' could be found (are you missing a using directive or an assembly reference?) [C:\dev\personal\SPT-Check-Mods\CheckMods.csproj]
C:\dev\personal\SPT-Check-Mods\Services\IgnoredUpdateStore.cs(54,30): error CS1061: 'Mod' does not contain a definition for 'ApiModId' and no accessible extension method 'ApiModId' accepting a first argument of type 'Mod' could be found (are you missing a using directive or an assembly reference?) [C:\dev\personal\SPT-Check-Mods\CheckMods.csproj]
C:\dev\personal\SPT-Check-Mods\Services\IgnoredUpdateStore.cs(54,50): error CS1061: 'Mod' does not contain a definition for 'LocalVersion' and no accessible extension method 'LocalVersion' accepting a first argument of type 'Mod' could be found (are you missing a using directive or an assembly reference?) [C:\dev\personal\SPT-Check-Mods\CheckMods.csproj]
C:\dev\personal\SPT-Check-Mods\Services\IgnoredUpdateStore.cs(54,68): error CS1061: 'Mod' does not contain a definition for 'LatestVersion' and no accessible extension method 'LatestVersion' accepting a first argument of type 'Mod' could be found (are you missing a using directive or an assembly reference?) [C:\dev\personal\SPT-Check-Mods\CheckMods.csproj]
C:\dev\personal\SPT-Check-Mods\Services\MisplacedModDetector.cs(36,59): error CS1061: 'Mod' does not contain a definition for 'Guid' and no accessible extension method 'Guid' accepting a first argument of type 'Mod' could be found (are you missing a using directive or an assembly reference?) [C:\dev\personal\SPT-Check-Mods\CheckMods.csproj]
C:\dev\personal\SPT-Check-Mods\Services\MisplacedModDetector.cs(36,75): error CS1061: 'Mod' does not contain a definition for 'LocalName' and no accessible extension method 'LocalName' accepting a first argument of type 'Mod' could be found (are you missing a using directive or an assembly reference?) [C:\dev\personal\SPT-Check-Mods\CheckMods.csproj]
C:\dev\personal\SPT-Check-Mods\Services\MisplacedModDetector.cs(36,96): error CS1061: 'Mod' does not contain a definition for 'LocalVersion' and no accessible extension method 'LocalVersion' accepting a first argument of type 'Mod' could be found (are you missing a using directive or an assembly reference?) [C:\dev\personal\SPT-Check-Mods\CheckMods.csproj]
C:\dev\personal\SPT-Check-Mods\Services\MisplacedModDetector.cs(53,58): error CS1061: 'Mod' does not contain a definition for 'Guid' and no accessible extension method 'Guid' accepting a first argument of type 'Mod' could be found (are you missing a using directive or an assembly reference?) [C:\dev\personal\SPT-Check-Mods\CheckMods.csproj]
C:\dev\personal\SPT-Check-Mods\Services\MisplacedModDetector.cs(53,74): error CS1061: 'Mod' does not contain a definition for 'LocalName' and no accessible extension method 'LocalName' accepting a first argument of type 'Mod' could be found (are you missing a using directive or an assembly reference?) [C:\dev\personal\SPT-Check-Mods\CheckMods.csproj]
C:\dev\personal\SPT-Check-Mods\Services\MisplacedModDetector.cs(53,95): error CS1061: 'Mod' does not contain a definition for 'LocalVersion' and no accessible extension method 'LocalVersion' accepting a first argument of type 'Mod' could be found (are you missing a using directive or an assembly reference?) [C:\dev\personal\SPT-Check-Mods\CheckMods.csproj]
C:\dev\personal\SPT-Check-Mods\Services\Decorators\CachedModDependencyService.cs(31,61): error CS1061: 'Mod' does not contain a definition for 'Guid' and no accessible extension method 'Guid' accepting a first argument of type 'Mod' could be found (are you missing a using directive or an assembly reference?) [C:\dev\personal\SPT-Check-Mods\CheckMods.csproj]
C:\dev\personal\SPT-Check-Mods\Services\Decorators\CachedModDependencyService.cs(31,70): error CS1061: 'Mod' does not contain a definition for 'LocalVersion' and no accessible extension method 'LocalVersion' accepting a first argument of type 'Mod' could be found (are you missing a using directive or an assembly reference?) [C:\dev\personal\SPT-Check-Mods\CheckMods.csproj]
C:\dev\personal\SPT-Check-Mods\Services\IgnoredUpdateWorkflow.cs(26,32): error CS0117: 'Mod' does not contain a definition for 'UpdateStatus' [C:\dev\personal\SPT-Check-Mods\CheckMods.csproj]
C:\dev\personal\SPT-Check-Mods\Services\IgnoredUpdateWorkflow.cs(87,48): error CS1061: 'Mod' does not contain a definition for 'ApiUrl' and no accessible extension method 'ApiUrl' accepting a first argument of type 'Mod' could be found (are you missing a using directive or an assembly reference?) [C:\dev\personal\SPT-Check-Mods\CheckMods.csproj]
C:\dev\personal\SPT-Check-Mods\Services\IgnoredUpdateWorkflow.cs(87,62): error CS1061: 'Mod' does not contain a definition for 'ApiUrl' and no accessible extension method 'ApiUrl' accepting a first argument of type 'Mod' could be found (are you missing a using directive or an assembly reference?) [C:\dev\personal\SPT-Check-Mods\CheckMods.csproj]
C:\dev\personal\SPT-Check-Mods\Services\IgnoredUpdateWorkflow.cs(88,23): error CS1061: 'Mod' does not contain a definition for 'ApiModId' and no accessible extension method 'ApiModId' accepting a first argument of type 'Mod' could be found (are you missing a using directive or an assembly reference?) [C:\dev\personal\SPT-Check-Mods\CheckMods.csproj]
C:\dev\personal\SPT-Check-Mods\Services\IgnoredUpdateWorkflow.cs(88,65): error CS1061: 'Mod' does not contain a definition for 'ApiModId' and no accessible extension method 'ApiModId' accepting a first argument of type 'Mod' could be found (are you missing a using directive or an assembly reference?) [C:\dev\personal\SPT-Check-Mods\CheckMods.csproj]
C:\dev\personal\SPT-Check-Mods\Services\IgnoredUpdateWorkflow.cs(88,85): error CS1061: 'Mod' does not contain a definition for 'ApiSlug' and no accessible extension method 'ApiSlug' accepting a first argument of type 'Mod' could be found (are you missing a using directive or an assembly reference?) [C:\dev\personal\SPT-Check-Mods\CheckMods.csproj]
C:\dev\personal\SPT-Check-Mods\Services\ModMatchingService.cs(30,71): error CS1061: 'Mod' does not contain a definition for 'LocalName' and no accessible extension method 'LocalName' accepting a first argument of type 'Mod' could be found (are you missing a using directive or an assembly reference?) [C:\dev\personal\SPT-Check-Mods\CheckMods.csproj]
C:\dev\personal\SPT-Check-Mods\Services\ModMatchingService.cs(30,86): error CS1061: 'Mod' does not contain a definition for 'Guid' and no accessible extension method 'Guid' accepting a first argument of type 'Mod' could be found (are you missing a using directive or an assembly reference?) [C:\dev\personal\SPT-Check-Mods\CheckMods.csproj]
C:\dev\personal\SPT-Check-Mods\Services\ModMatchingService.cs(36,44): error CS1061: 'Mod' does not contain a definition for 'Guid' and no accessible extension method 'Guid' accepting a first argument of type 'Mod' could be found (are you missing a using directive or an assembly reference?) [C:\dev\personal\SPT-Check-Mods\CheckMods.csproj]
C:\dev\personal\SPT-Check-Mods\Services\ModMatchingService.cs(38,74): error CS1061: 'Mod' does not contain a definition for 'Guid' and no accessible extension method 'Guid' accepting a first argument of type 'Mod' could be found (are you missing a using directive or an assembly reference?) [C:\dev\personal\SPT-Check-Mods\CheckMods.csproj]
C:\dev\personal\SPT-Check-Mods\Services\ModMatchingService.cs(42,84): error CS1061: 'Mod' does not contain a definition for 'LocalName' and no accessible extension method 'LocalName' accepting a first argument of type 'Mod' could be found (are you missing a using directive or an assembly reference?) [C:\dev\personal\SPT-Check-Mods\CheckMods.csproj]
C:\dev\personal\SPT-Check-Mods\Services\ModMatchingService.cs(54,43): error CS1061: 'Mod' does not contain a definition for 'AlternateGuids' and no accessible extension method 'AlternateGuids' accepting a first argument of type 'Mod' could be found (are you missing a using directive or an assembly reference?) [C:\dev\personal\SPT-Check-Mods\CheckMods.csproj]
C:\dev\personal\SPT-Check-Mods\Services\ModMatchingService.cs(79,36): error CS1061: 'Mod' does not contain a definition for 'IsServerMod' and no accessible extension method 'IsServerMod' accepting a first argument of type 'Mod' could be found (are you missing a using directive or an assembly reference?) [C:\dev\personal\SPT-Check-Mods\CheckMods.csproj]
C:\dev\personal\SPT-Check-Mods\Services\ModMatchingService.cs(110,21): error CS1061: 'Mod' does not contain a definition for 'LocalName' and no accessible extension method 'LocalName' accepting a first argument of type 'Mod' could be found (are you missing a using directive or an assembly reference?) [C:\dev\personal\SPT-Check-Mods\CheckMods.csproj]
C:\dev\personal\SPT-Check-Mods\Services\ModMatchingService.cs(117,66): error CS1061: 'Mod' does not contain a definition for 'LocalName' and no accessible extension method 'LocalName' accepting a first argument of type 'Mod' could be found (are you missing a using directive or an assembly reference?) [C:\dev\personal\SPT-Check-Mods\CheckMods.csproj]
C:\dev\personal\SPT-Check-Mods\Services\IgnoredUpdateWorkflow.cs(110,53): error CS1061: 'Mod' does not contain a definition for 'UpdateSuppressed' and no accessible extension method 'UpdateSuppressed' accepting a first argument of type 'Mod' could be found (are you missing a using directive or an assembly reference?) [C:\dev\personal\SPT-Check-Mods\CheckMods.csproj]
C:\dev\personal\SPT-Check-Mods\Services\ModEnrichmentService.cs(24,60): error CS1061: 'Mod' does not contain a definition for 'ApiModId' and no accessible extension method 'ApiModId' accepting a first argument of type 'Mod' could be found (are you missing a using directive or an assembly reference?) [C:\dev\personal\SPT-Check-Mods\CheckMods.csproj]
C:\dev\personal\SPT-Check-Mods\Services\ModEnrichmentService.cs(59,27): error CS8130: Cannot infer the type of implicitly-typed deconstruction variable 'mod'. [C:\dev\personal\SPT-Check-Mods\CheckMods.csproj]
C:\dev\personal\SPT-Check-Mods\Services\ModEnrichmentService.cs(59,32): error CS8130: Cannot infer the type of implicitly-typed deconstruction variable 'update'. [C:\dev\personal\SPT-Check-Mods\CheckMods.csproj]
C:\dev\personal\SPT-Check-Mods\Services\ApplicationService.cs(183,21): error CS1061: 'Mod' does not contain a definition for 'UpdateStatus' and no accessible extension method 'UpdateStatus' accepting a first argument of type 'Mod' could be found (are you missing a using directive or an assembly reference?) [C:\dev\personal\SPT-Check-Mods\CheckMods.csproj]
C:\dev\personal\SPT-Check-Mods\Services\IgnoredUpdateWorkflow.cs(121,71): error CS1061: 'Mod' does not contain a definition for 'ApiModId' and no accessible extension method 'ApiModId' accepting a first argument of type 'Mod' could be found (are you missing a using directive or an assembly reference?) [C:\dev\personal\SPT-Check-Mods\CheckMods.csproj]
C:\dev\personal\SPT-Check-Mods\Services\ModMatchingService.cs(131,35): error CS1061: 'Mod' does not contain a definition for 'LocalName' and no accessible extension method 'LocalName' accepting a first argument of type 'Mod' could be found (are you missing a using directive or an assembly reference?) [C:\dev\personal\SPT-Check-Mods\CheckMods.csproj]
C:\dev\personal\SPT-Check-Mods\Services\ModMatchingService.cs(134,59): error CS1061: 'Mod' does not contain a definition for 'LocalName' and no accessible extension method 'LocalName' accepting a first argument of type 'Mod' could be found (are you missing a using directive or an assembly reference?) [C:\dev\personal\SPT-Check-Mods\CheckMods.csproj]
C:\dev\personal\SPT-Check-Mods\Services\ModMatchingService.cs(135,51): error CS1061: 'Mod' does not contain a definition for 'LocalName' and no accessible extension method 'LocalName' accepting a first argument of type 'Mod' could be found (are you missing a using directive or an assembly reference?) [C:\dev\personal\SPT-Check-Mods\CheckMods.csproj]
C:\dev\personal\SPT-Check-Mods\Services\ModMatchingService.cs(141,44): error CS1061: 'Mod' does not contain a definition for 'Guid' and no accessible extension method 'Guid' accepting a first argument of type 'Mod' could be found (are you missing a using directive or an assembly reference?) [C:\dev\personal\SPT-Check-Mods\CheckMods.csproj]
C:\dev\personal\SPT-Check-Mods\Services\ModMatchingService.cs(143,70): error CS1061: 'Mod' does not contain a definition for 'Guid' and no accessible extension method 'Guid' accepting a first argument of type 'Mod' could be found (are you missing a using directive or an assembly reference?) [C:\dev\personal\SPT-Check-Mods\CheckMods.csproj]
C:\dev\personal\SPT-Check-Mods\Services\ModMatchingService.cs(156,44): error CS1061: 'Mod' does not contain a definition for 'LocalAuthor' and no accessible extension method 'LocalAuthor' accepting a first argument of type 'Mod' could be found (are you missing a using directive or an assembly reference?) [C:\dev\personal\SPT-Check-Mods\CheckMods.csproj]
C:\dev\personal\SPT-Check-Mods\Services\ModMatchingService.cs(157,35): error CS1061: 'Mod' does not contain a definition for 'LocalAuthor' and no accessible extension method 'LocalAuthor' accepting a first argument of type 'Mod' could be found (are you missing a using directive or an assembly reference?) [C:\dev\personal\SPT-Check-Mods\CheckMods.csproj]
C:\dev\personal\SPT-Check-Mods\Services\ModMatchingService.cs(160,42): error CS1061: 'Mod' does not contain a definition for 'LocalAuthor' and no accessible extension method 'LocalAuthor' accepting a first argument of type 'Mod' could be found (are you missing a using directive or an assembly reference?) [C:\dev\personal\SPT-Check-Mods\CheckMods.csproj]
C:\dev\personal\SPT-Check-Mods\Services\ModMatchingService.cs(160,60): error CS1061: 'Mod' does not contain a definition for 'LocalName' and no accessible extension method 'LocalName' accepting a first argument of type 'Mod' could be found (are you missing a using directive or an assembly reference?) [C:\dev\personal\SPT-Check-Mods\CheckMods.csproj]
C:\dev\personal\SPT-Check-Mods\Services\PluginMetadataExtractor.cs(63,40): error CS1061: 'Mod' does not contain a definition for 'LocalName' and no accessible extension method 'LocalName' accepting a first argument of type 'Mod' could be found (are you missing a using directive or an assembly reference?) [C:\dev\personal\SPT-Check-Mods\CheckMods.csproj]
C:\dev\personal\SPT-Check-Mods\Services\PluginMetadataExtractor.cs(63,72): error CS1061: 'Mod' does not contain a definition for 'LocalAuthor' and no accessible extension method 'LocalAuthor' accepting a first argument of type 'Mod' could be found (are you missing a using directive or an assembly reference?) [C:\dev\personal\SPT-Check-Mods\CheckMods.csproj]
C:\dev\personal\SPT-Check-Mods\Services\ModDependencyService.cs(28,63): error CS1061: 'Mod' does not contain a definition for 'ApiModId' and no accessible extension method 'ApiModId' accepting a first argument of type 'Mod' could be found (are you missing a using directive or an assembly reference?) [C:\dev\personal\SPT-Check-Mods\CheckMods.csproj]
C:\dev\personal\SPT-Check-Mods\Services\ModDependencyService.cs(40,54): error CS1061: 'Mod' does not contain a definition for 'Guid' and no accessible extension method 'Guid' accepting a first argument of type 'Mod' could be found (are you missing a using directive or an assembly reference?) [C:\dev\personal\SPT-Check-Mods\CheckMods.csproj]
C:\dev\personal\SPT-Check-Mods\Services\ModDependencyService.cs(68,22): error CS1061: 'Mod' does not contain a definition for 'ApiModId' and no accessible extension method 'ApiModId' accepting a first argument of type 'Mod' could be found (are you missing a using directive or an assembly reference?) [C:\dev\personal\SPT-Check-Mods\CheckMods.csproj]
C:\dev\personal\SPT-Check-Mods\Services\ModDependencyService.cs(69,22): error CS1061: 'Mod' does not contain a definition for 'UpdateStatus' and no accessible extension method 'UpdateStatus' accepting a first argument of type 'Mod' could be found (are you missing a using directive or an assembly reference?) [C:\dev\personal\SPT-Check-Mods\CheckMods.csproj]
C:\dev\personal\SPT-Check-Mods\Services\ModDependencyService.cs(70,49): error CS1061: 'Mod' does not contain a definition for 'LatestVersion' and no accessible extension method 'LatestVersion' accepting a first argument of type 'Mod' could be found (are you missing a using directive or an assembly reference?) [C:\dev\personal\SPT-Check-Mods\CheckMods.csproj]
C:\dev\personal\SPT-Check-Mods\Services\ModDependencyService.cs(151,21): error CS1061: 'Mod' does not contain a definition for 'ApiModId' and no accessible extension method 'ApiModId' accepting a first argument of type 'Mod' could be found (are you missing a using directive or an assembly reference?) [C:\dev\personal\SPT-Check-Mods\CheckMods.csproj]
C:\dev\personal\SPT-Check-Mods\Services\ModDependencyService.cs(151,77): error CS1061: 'Mod' does not contain a definition for 'ApiModId' and no accessible extension method 'ApiModId' accepting a first argument of type 'Mod' could be found (are you missing a using directive or an assembly reference?) [C:\dev\personal\SPT-Check-Mods\CheckMods.csproj]
C:\dev\personal\SPT-Check-Mods\Services\ModDependencyService.cs(157,87): error CS1061: 'Mod' does not contain a definition for 'Guid' and no accessible extension method 'Guid' accepting a first argument of type 'Mod' could be found (are you missing a using directive or an assembly reference?) [C:\dev\personal\SPT-Check-Mods\CheckMods.csproj]
C:\dev\personal\SPT-Check-Mods\Services\ModDependencyService.cs(153,27): error CS0165: Use of unassigned local variable 'cachedDeps' [C:\dev\personal\SPT-Check-Mods\CheckMods.csproj]
C:\dev\personal\SPT-Check-Mods\Services\ModReconciliationService.cs(38,54): error CS1061: 'Mod' does not contain a definition for 'Guid' and no accessible extension method 'Guid' accepting a first argument of type 'Mod' could be found (are you missing a using directive or an assembly reference?) [C:\dev\personal\SPT-Check-Mods\CheckMods.csproj]
C:\dev\personal\SPT-Check-Mods\Services\ModReconciliationService.cs(40,57): error CS1061: 'Mod' does not contain a definition for 'Guid' and no accessible extension method 'Guid' accepting a first argument of type 'Mod' could be found (are you missing a using directive or an assembly reference?) [C:\dev\personal\SPT-Check-Mods\CheckMods.csproj]
C:\dev\personal\SPT-Check-Mods\Services\ModReconciliationService.cs(43,44): error CS1061: 'Mod' does not contain a definition for 'Guid' and no accessible extension method 'Guid' accepting a first argument of type 'Mod' could be found (are you missing a using directive or an assembly reference?) [C:\dev\personal\SPT-Check-Mods\CheckMods.csproj]
C:\dev\personal\SPT-Check-Mods\Services\ModReconciliationService.cs(48,66): error CS1061: 'Mod' does not contain a definition for 'LocalName' and no accessible extension method 'LocalName' accepting a first argument of type 'Mod' could be found (are you missing a using directive or an assembly reference?) [C:\dev\personal\SPT-Check-Mods\CheckMods.csproj]
C:\dev\personal\SPT-Check-Mods\Services\ModReconciliationService.cs(59,76): error CS1061: 'Mod' does not contain a definition for 'Guid' and no accessible extension method 'Guid' accepting a first argument of type 'Mod' could be found (are you missing a using directive or an assembly reference?) [C:\dev\personal\SPT-Check-Mods\CheckMods.csproj]
C:\dev\personal\SPT-Check-Mods\Services\ModReconciliationService.cs(82,25): error CS1061: 'Mod' does not contain a definition for 'PairedComponentPath' and no accessible extension method 'PairedComponentPath' accepting a first argument of type 'Mod' could be found (are you missing a using directive or an assembly reference?) [C:\dev\personal\SPT-Check-Mods\CheckMods.csproj]
C:\dev\personal\SPT-Check-Mods\Services\ModReconciliationService.cs(82,84): error CS1061: 'Mod' does not contain a definition for 'FilePath' and no accessible extension method 'FilePath' accepting a first argument of type 'Mod' could be found (are you missing a using directive or an assembly reference?) [C:\dev\personal\SPT-Check-Mods\CheckMods.csproj]
C:\dev\personal\SPT-Check-Mods\Services\ModReconciliationService.cs(82,105): error CS1061: 'Mod' does not contain a definition for 'FilePath' and no accessible extension method 'FilePath' accepting a first argument of type 'Mod' could be found (are you missing a using directive or an assembly reference?) [C:\dev\personal\SPT-Check-Mods\CheckMods.csproj]
C:\dev\personal\SPT-Check-Mods\Services\ModReconciliationService.cs(102,53): error CS1061: 'Mod' does not contain a definition for 'Guid' and no accessible extension method 'Guid' accepting a first argument of type 'Mod' could be found (are you missing a using directive or an assembly reference?) [C:\dev\personal\SPT-Check-Mods\CheckMods.csproj]
C:\dev\personal\SPT-Check-Mods\Services\ModReconciliationService.cs(107,52): error CS1061: 'Mod' does not contain a definition for 'Guid' and no accessible extension method 'Guid' accepting a first argument of type 'Mod' could be found (are you missing a using directive or an assembly reference?) [C:\dev\personal\SPT-Check-Mods\CheckMods.csproj]
C:\dev\personal\SPT-Check-Mods\Services\ModReconciliationService.cs(130,66): error CS1061: 'Mod' does not contain a definition for 'LocalName' and no accessible extension method 'LocalName' accepting a first argument of type 'Mod' could be found (are you missing a using directive or an assembly reference?) [C:\dev\personal\SPT-Check-Mods\CheckMods.csproj]
C:\dev\personal\SPT-Check-Mods\Services\ModReconciliationService.cs(131,76): error CS1061: 'Mod' does not contain a definition for 'Guid' and no accessible extension method 'Guid' accepting a first argument of type 'Mod' could be found (are you missing a using directive or an assembly reference?) [C:\dev\personal\SPT-Check-Mods\CheckMods.csproj]
C:\dev\personal\SPT-Check-Mods\Services\UpdateCheckService.cs(120,59): error CS7036: There is no argument given that corresponds to the required parameter 'context' of 'SemVer.TryParse(string?, string)' [C:\dev\personal\SPT-Check-Mods\CheckMods.csproj]
C:\dev\personal\SPT-Check-Mods\Services\IgnoredUpdateWorkflow.cs(213,27): error CS1061: 'Mod' does not contain a definition for 'ApiModId' and no accessible extension method 'ApiModId' accepting a first argument of type 'Mod' could be found (are you missing a using directive or an assembly reference?) [C:\dev\personal\SPT-Check-Mods\CheckMods.csproj]
C:\dev\personal\SPT-Check-Mods\Services\IgnoredUpdateWorkflow.cs(214,31): error CS1061: 'Mod' does not contain a definition for 'LocalVersion' and no accessible extension method 'LocalVersion' accepting a first argument of type 'Mod' could be found (are you missing a using directive or an assembly reference?) [C:\dev\personal\SPT-Check-Mods\CheckMods.csproj]
C:\dev\personal\SPT-Check-Mods\Services\IgnoredUpdateWorkflow.cs(215,39): error CS1061: 'Mod' does not contain a definition for 'LatestVersion' and no accessible extension method 'LatestVersion' accepting a first argument of type 'Mod' could be found (are you missing a using directive or an assembly reference?) [C:\dev\personal\SPT-Check-Mods\CheckMods.csproj]
C:\dev\personal\SPT-Check-Mods\Services\IgnoredUpdateWorkflow.cs(217,49): error CS1061: 'Mod' does not contain a definition for 'Guid' and no accessible extension method 'Guid' accepting a first argument of type 'Mod' could be found (are you missing a using directive or an assembly reference?) [C:\dev\personal\SPT-Check-Mods\CheckMods.csproj]
C:\dev\personal\SPT-Check-Mods\Services\IgnoredUpdateWorkflow.cs(217,68): error CS1061: 'Mod' does not contain a definition for 'Guid' and no accessible extension method 'Guid' accepting a first argument of type 'Mod' could be found (are you missing a using directive or an assembly reference?) [C:\dev\personal\SPT-Check-Mods\CheckMods.csproj]
C:\dev\personal\SPT-Check-Mods\Services\ModMatchingService.cs(222,77): error CS1061: 'Mod' does not contain a definition for 'LocalName' and no accessible extension method 'LocalName' accepting a first argument of type 'Mod' could be found (are you missing a using directive or an assembly reference?) [C:\dev\personal\SPT-Check-Mods\CheckMods.csproj]
C:\dev\personal\SPT-Check-Mods\Services\ModDependencyService.cs(297,17): error CS0117: 'Mod' does not contain a definition for 'Guid' [C:\dev\personal\SPT-Check-Mods\CheckMods.csproj]
C:\dev\personal\SPT-Check-Mods\Services\ModDependencyService.cs(298,17): error CS0117: 'Mod' does not contain a definition for 'FilePath' [C:\dev\personal\SPT-Check-Mods\CheckMods.csproj]
C:\dev\personal\SPT-Check-Mods\Services\ModDependencyService.cs(299,17): error CS0117: 'Mod' does not contain a definition for 'IsServerMod' [C:\dev\personal\SPT-Check-Mods\CheckMods.csproj]
C:\dev\personal\SPT-Check-Mods\Services\ModDependencyService.cs(300,17): error CS0117: 'Mod' does not contain a definition for 'LocalName' [C:\dev\personal\SPT-Check-Mods\CheckMods.csproj]
C:\dev\personal\SPT-Check-Mods\Services\ModDependencyService.cs(301,17): error CS0117: 'Mod' does not contain a definition for 'LocalAuthor' [C:\dev\personal\SPT-Check-Mods\CheckMods.csproj]
C:\dev\personal\SPT-Check-Mods\Services\ModDependencyService.cs(302,17): error CS0117: 'Mod' does not contain a definition for 'LocalVersion' [C:\dev\personal\SPT-Check-Mods\CheckMods.csproj]
C:\dev\personal\SPT-Check-Mods\Services\ModDependencyService.cs(295,20): error CS9035: Required member 'Mod.Local' must be set in the object initializer or attribute constructor. [C:\dev\personal\SPT-Check-Mods\CheckMods.csproj]
C:\dev\personal\SPT-Check-Mods\Services\ApplicationService.cs(353,45): error CS1061: 'Mod' does not contain a definition for 'FilePath' and no accessible extension method 'FilePath' accepting a first argument of type 'Mod' could be found (are you missing a using directive or an assembly reference?) [C:\dev\personal\SPT-Check-Mods\CheckMods.csproj]
C:\dev\personal\SPT-Check-Mods\Services\ApplicationService.cs(354,80): error CS1061: 'Mod' does not contain a definition for 'FilePath' and no accessible extension method 'FilePath' accepting a first argument of type 'Mod' could be found (are you missing a using directive or an assembly reference?) [C:\dev\personal\SPT-Check-Mods\CheckMods.csproj]
C:\dev\personal\SPT-Check-Mods\Services\ModReconciliationService.cs(217,38): error CS1061: 'Mod' does not contain a definition for 'Guid' and no accessible extension method 'Guid' accepting a first argument of type 'Mod' could be found (are you missing a using directive or an assembly reference?) [C:\dev\personal\SPT-Check-Mods\CheckMods.csproj]
C:\dev\personal\SPT-Check-Mods\Services\ModReconciliationService.cs(217,54): error CS1061: 'Mod' does not contain a definition for 'Guid' and no accessible extension method 'Guid' accepting a first argument of type 'Mod' could be found (are you missing a using directive or an assembly reference?) [C:\dev\personal\SPT-Check-Mods\CheckMods.csproj]
C:\dev\personal\SPT-Check-Mods\Services\ModReconciliationService.cs(219,59): error CS1061: 'Mod' does not contain a definition for 'Guid' and no accessible extension method 'Guid' accepting a first argument of type 'Mod' could be found (are you missing a using directive or an assembly reference?) [C:\dev\personal\SPT-Check-Mods\CheckMods.csproj]
C:\dev\personal\SPT-Check-Mods\Services\ModReconciliationService.cs(219,88): error CS1061: 'Mod' does not contain a definition for 'Guid' and no accessible extension method 'Guid' accepting a first argument of type 'Mod' could be found (are you missing a using directive or an assembly reference?) [C:\dev\personal\SPT-Check-Mods\CheckMods.csproj]
C:\dev\personal\SPT-Check-Mods\Services\ModReconciliationService.cs(222,55): error CS1061: 'Mod' does not contain a definition for 'LocalVersion' and no accessible extension method 'LocalVersion' accepting a first argument of type 'Mod' could be found (are you missing a using directive or an assembly reference?) [C:\dev\personal\SPT-Check-Mods\CheckMods.csproj]
C:\dev\personal\SPT-Check-Mods\Services\ModReconciliationService.cs(223,55): error CS1061: 'Mod' does not contain a definition for 'LocalVersion' and no accessible extension method 'LocalVersion' accepting a first argument of type 'Mod' could be found (are you missing a using directive or an assembly reference?) [C:\dev\personal\SPT-Check-Mods\CheckMods.csproj]
C:\dev\personal\SPT-Check-Mods\Services\ModReconciliationService.cs(225,34): error CS9135: A constant value of type 'OneOf<Version, InvalidSemVer>' is expected [C:\dev\personal\SPT-Check-Mods\CheckMods.csproj]
C:\dev\personal\SPT-Check-Mods\Services\ModReconciliationService.cs(225,63): error CS9135: A constant value of type 'OneOf<Version, InvalidSemVer>' is expected [C:\dev\personal\SPT-Check-Mods\CheckMods.csproj]
C:\dev\personal\SPT-Check-Mods\Services\ModReconciliationService.cs(227,17): error CS0019: Operator '!=' cannot be applied to operands of type 'OneOf<Version, InvalidSemVer>' and 'OneOf<Version, InvalidSemVer>' [C:\dev\personal\SPT-Check-Mods\CheckMods.csproj]
C:\dev\personal\SPT-Check-Mods\Services\ModReconciliationService.cs(229,66): error CS1061: 'Mod' does not contain a definition for 'LocalVersion' and no accessible extension method 'LocalVersion' accepting a first argument of type 'Mod' could be found (are you missing a using directive or an assembly reference?) [C:\dev\personal\SPT-Check-Mods\CheckMods.csproj]
C:\dev\personal\SPT-Check-Mods\Services\ModReconciliationService.cs(229,103): error CS1061: 'Mod' does not contain a definition for 'LocalVersion' and no accessible extension method 'LocalVersion' accepting a first argument of type 'Mod' could be found (are you missing a using directive or an assembly reference?) [C:\dev\personal\SPT-Check-Mods\CheckMods.csproj]
C:\dev\personal\SPT-Check-Mods\Services\ModReconciliationService.cs(233,17): error CS0019: Operator '>' cannot be applied to operands of type 'OneOf<Version, InvalidSemVer>' and 'OneOf<Version, InvalidSemVer>' [C:\dev\personal\SPT-Check-Mods\CheckMods.csproj]
C:\dev\personal\SPT-Check-Mods\Services\ModReconciliationService.cs(238,17): error CS0019: Operator '>' cannot be applied to operands of type 'OneOf<Version, InvalidSemVer>' and 'OneOf<Version, InvalidSemVer>' [C:\dev\personal\SPT-Check-Mods\CheckMods.csproj]
C:\dev\personal\SPT-Check-Mods\Services\ModReconciliationService.cs(243,39): error CS9135: A constant value of type 'OneOf<Version, InvalidSemVer>' is expected [C:\dev\personal\SPT-Check-Mods\CheckMods.csproj]
C:\dev\personal\SPT-Check-Mods\Services\ModReconciliationService.cs(243,64): error CS9135: A constant value of type 'OneOf<Version, InvalidSemVer>' is expected [C:\dev\personal\SPT-Check-Mods\CheckMods.csproj]
C:\dev\personal\SPT-Check-Mods\Services\ModReconciliationService.cs(245,69): error CS1061: 'Mod' does not contain a definition for 'LocalVersion' and no accessible extension method 'LocalVersion' accepting a first argument of type 'Mod' could be found (are you missing a using directive or an assembly reference?) [C:\dev\personal\SPT-Check-Mods\CheckMods.csproj]
C:\dev\personal\SPT-Check-Mods\Services\ModReconciliationService.cs(248,39): error CS9135: A constant value of type 'OneOf<Version, InvalidSemVer>' is expected [C:\dev\personal\SPT-Check-Mods\CheckMods.csproj]
C:\dev\personal\SPT-Check-Mods\Services\ModReconciliationService.cs(248,64): error CS9135: A constant value of type 'OneOf<Version, InvalidSemVer>' is expected [C:\dev\personal\SPT-Check-Mods\CheckMods.csproj]
C:\dev\personal\SPT-Check-Mods\Services\ModReconciliationService.cs(250,69): error CS1061: 'Mod' does not contain a definition for 'LocalVersion' and no accessible extension method 'LocalVersion' accepting a first argument of type 'Mod' could be found (are you missing a using directive or an assembly reference?) [C:\dev\personal\SPT-Check-Mods\CheckMods.csproj]
C:\dev\personal\SPT-Check-Mods\Services\ServerModExtractor.cs(78,17): error CS0117: 'Mod' does not contain a definition for 'Guid' [C:\dev\personal\SPT-Check-Mods\CheckMods.csproj]
C:\dev\personal\SPT-Check-Mods\Services\ServerModExtractor.cs(79,17): error CS0117: 'Mod' does not contain a definition for 'FilePath' [C:\dev\personal\SPT-Check-Mods\CheckMods.csproj]
C:\dev\personal\SPT-Check-Mods\Services\ServerModExtractor.cs(80,17): error CS0117: 'Mod' does not contain a definition for 'IsServerMod' [C:\dev\personal\SPT-Check-Mods\CheckMods.csproj]
C:\dev\personal\SPT-Check-Mods\Services\ServerModExtractor.cs(81,17): error CS0117: 'Mod' does not contain a definition for 'LocalName' [C:\dev\personal\SPT-Check-Mods\CheckMods.csproj]
C:\dev\personal\SPT-Check-Mods\Services\ServerModExtractor.cs(82,17): error CS0117: 'Mod' does not contain a definition for 'LocalAuthor' [C:\dev\personal\SPT-Check-Mods\CheckMods.csproj]
C:\dev\personal\SPT-Check-Mods\Services\ServerModExtractor.cs(83,17): error CS0117: 'Mod' does not contain a definition for 'LocalVersion' [C:\dev\personal\SPT-Check-Mods\CheckMods.csproj]
C:\dev\personal\SPT-Check-Mods\Services\ServerModExtractor.cs(84,17): error CS0117: 'Mod' does not contain a definition for 'LocalSptVersion' [C:\dev\personal\SPT-Check-Mods\CheckMods.csproj]
C:\dev\personal\SPT-Check-Mods\Services\ServerModExtractor.cs(76,24): error CS9035: Required member 'Mod.Local' must be set in the object initializer or attribute constructor. [C:\dev\personal\SPT-Check-Mods\CheckMods.csproj]
C:\dev\personal\SPT-Check-Mods\Services\ModDependencyService.cs(417,48): error CS1061: 'Mod' does not contain a definition for 'LocalVersion' and no accessible extension method 'LocalVersion' accepting a first argument of type 'Mod' could be found (are you missing a using directive or an assembly reference?) [C:\dev\personal\SPT-Check-Mods\CheckMods.csproj]
C:\dev\personal\SPT-Check-Mods\Services\ModDependencyService.cs(417,23): error CS0117: 'SemVer' does not contain a definition for 'ParseOrZero' [C:\dev\personal\SPT-Check-Mods\CheckMods.csproj]
C:\dev\personal\SPT-Check-Mods\Services\ModDependencyService.cs(417,71): error CS0117: 'SemVer' does not contain a definition for 'ParseOrZero' [C:\dev\personal\SPT-Check-Mods\CheckMods.csproj]
C:\dev\personal\SPT-Check-Mods\Services\ModDependencyService.cs(436,45): error CS1061: 'Mod' does not contain a definition for 'LocalVersion' and no accessible extension method 'LocalVersion' accepting a first argument of type 'Mod' could be found (are you missing a using directive or an assembly reference?) [C:\dev\personal\SPT-Check-Mods\CheckMods.csproj]
C:\dev\personal\SPT-Check-Mods\Services\ApplicationService.cs(420,25): error CS1061: 'Mod' does not contain a definition for 'ApiSourceCodeUrl' and no accessible extension method 'ApiSourceCodeUrl' accepting a first argument of type 'Mod' could be found (are you missing a using directive or an assembly reference?) [C:\dev\personal\SPT-Check-Mods\CheckMods.csproj]
C:\dev\personal\SPT-Check-Mods\Services\ApplicationService.cs(420,69): error CS1061: 'Mod' does not contain a definition for 'ApiUrl' and no accessible extension method 'ApiUrl' accepting a first argument of type 'Mod' could be found (are you missing a using directive or an assembly reference?) [C:\dev\personal\SPT-Check-Mods\CheckMods.csproj]
C:\dev\personal\SPT-Check-Mods\Services\ApplicationService.cs(429,55): error CS1061: 'Mod' does not contain a definition for 'Guid' and no accessible extension method 'Guid' accepting a first argument of type 'Mod' could be found (are you missing a using directive or an assembly reference?) [C:\dev\personal\SPT-Check-Mods\CheckMods.csproj]
C:\dev\personal\SPT-Check-Mods\Services\ApplicationService.cs(431,43): error CS1061: 'Mod' does not contain a definition for 'Guid' and no accessible extension method 'Guid' accepting a first argument of type 'Mod' could be found (are you missing a using directive or an assembly reference?) [C:\dev\personal\SPT-Check-Mods\CheckMods.csproj]
C:\dev\personal\SPT-Check-Mods\Services\ApplicationService.cs(435,55): error CS1061: 'Mod' does not contain a definition for 'Guid' and no accessible extension method 'Guid' accepting a first argument of type 'Mod' could be found (are you missing a using directive or an assembly reference?) [C:\dev\personal\SPT-Check-Mods\CheckMods.csproj]
C:\dev\personal\SPT-Check-Mods\Services\ApplicationService.cs(436,52): error CS1061: 'Mod' does not contain a definition for 'Guid' and no accessible extension method 'Guid' accepting a first argument of type 'Mod' could be found (are you missing a using directive or an assembly reference?) [C:\dev\personal\SPT-Check-Mods\CheckMods.csproj]
C:\dev\personal\SPT-Check-Mods\Services\ApplicationService.cs(439,43): error CS1061: 'Mod' does not contain a definition for 'Guid' and no accessible extension method 'Guid' accepting a first argument of type 'Mod' could be found (are you missing a using directive or an assembly reference?) [C:\dev\personal\SPT-Check-Mods\CheckMods.csproj]
C:\dev\personal\SPT-Check-Mods\Services\ModMatchingService.cs(256,52): error CS1061: 'Mod' does not contain a definition for 'LocalName' and no accessible extension method 'LocalName' accepting a first argument of type 'Mod' could be found (are you missing a using directive or an assembly reference?) [C:\dev\personal\SPT-Check-Mods\CheckMods.csproj]
C:\dev\personal\SPT-Check-Mods\Services\ModMatchingService.cs(263,59): error CS1061: 'Mod' does not contain a definition for 'LocalName' and no accessible extension method 'LocalName' accepting a first argument of type 'Mod' could be found (are you missing a using directive or an assembly reference?) [C:\dev\personal\SPT-Check-Mods\CheckMods.csproj]
C:\dev\personal\SPT-Check-Mods\Services\ModMatchingService.cs(264,51): error CS1061: 'Mod' does not contain a definition for 'LocalName' and no accessible extension method 'LocalName' accepting a first argument of type 'Mod' could be found (are you missing a using directive or an assembly reference?) [C:\dev\personal\SPT-Check-Mods\CheckMods.csproj]
C:\dev\personal\SPT-Check-Mods\Services\ModMatchingService.cs(281,56): error CS1061: 'Mod' does not contain a definition for 'LocalName' and no accessible extension method 'LocalName' accepting a first argument of type 'Mod' could be found (are you missing a using directive or an assembly reference?) [C:\dev\personal\SPT-Check-Mods\CheckMods.csproj]
C:\dev\personal\SPT-Check-Mods\Services\ModMatchingService.cs(287,52): error CS1061: 'Mod' does not contain a definition for 'Guid' and no accessible extension method 'Guid' accepting a first argument of type 'Mod' could be found (are you missing a using directive or an assembly reference?) [C:\dev\personal\SPT-Check-Mods\CheckMods.csproj]
C:\dev\personal\SPT-Check-Mods\Services\ModMatchingService.cs(289,78): error CS1061: 'Mod' does not contain a definition for 'Guid' and no accessible extension method 'Guid' accepting a first argument of type 'Mod' could be found (are you missing a using directive or an assembly reference?) [C:\dev\personal\SPT-Check-Mods\CheckMods.csproj]
C:\dev\personal\SPT-Check-Mods\Services\ModMatchingService.cs(300,44): error CS1061: 'Mod' does not contain a definition for 'LocalAuthor' and no accessible extension method 'LocalAuthor' accepting a first argument of type 'Mod' could be found (are you missing a using directive or an assembly reference?) [C:\dev\personal\SPT-Check-Mods\CheckMods.csproj]
C:\dev\personal\SPT-Check-Mods\Services\ModMatchingService.cs(301,35): error CS1061: 'Mod' does not contain a definition for 'LocalAuthor' and no accessible extension method 'LocalAuthor' accepting a first argument of type 'Mod' could be found (are you missing a using directive or an assembly reference?) [C:\dev\personal\SPT-Check-Mods\CheckMods.csproj]
C:\dev\personal\SPT-Check-Mods\Services\ModMatchingService.cs(308,42): error CS1061: 'Mod' does not contain a definition for 'LocalAuthor' and no accessible extension method 'LocalAuthor' accepting a first argument of type 'Mod' could be found (are you missing a using directive or an assembly reference?) [C:\dev\personal\SPT-Check-Mods\CheckMods.csproj]
C:\dev\personal\SPT-Check-Mods\Services\ModMatchingService.cs(309,59): error CS1061: 'Mod' does not contain a definition for 'LocalName' and no accessible extension method 'LocalName' accepting a first argument of type 'Mod' could be found (are you missing a using directive or an assembly reference?) [C:\dev\personal\SPT-Check-Mods\CheckMods.csproj]
C:\dev\personal\SPT-Check-Mods\Services\ModMatchingService.cs(322,70): error CS1061: 'Mod' does not contain a definition for 'LocalName' and no accessible extension method 'LocalName' accepting a first argument of type 'Mod' could be found (are you missing a using directive or an assembly reference?) [C:\dev\personal\SPT-Check-Mods\CheckMods.csproj]
C:\dev\personal\SPT-Check-Mods\Services\ModMatchingService.cs(324,64): error CS1061: 'Mod' does not contain a definition for 'LocalName' and no accessible extension method 'LocalName' accepting a first argument of type 'Mod' could be found (are you missing a using directive or an assembly reference?) [C:\dev\personal\SPT-Check-Mods\CheckMods.csproj]
C:\dev\personal\SPT-Check-Mods\Services\ApplicationService.cs(476,17): error CS1061: 'Mod' does not contain a definition for 'ApiSourceCodeUrl' and no accessible extension method 'ApiSourceCodeUrl' accepting a first argument of type 'Mod' could be found (are you missing a using directive or an assembly reference?) [C:\dev\personal\SPT-Check-Mods\CheckMods.csproj]
C:\dev\personal\SPT-Check-Mods\Services\ApplicationService.cs(476,53): error CS1061: 'Mod' does not contain a definition for 'ApiUrl' and no accessible extension method 'ApiUrl' accepting a first argument of type 'Mod' could be found (are you missing a using directive or an assembly reference?) [C:\dev\personal\SPT-Check-Mods\CheckMods.csproj]
C:\dev\personal\SPT-Check-Mods\Services\ApplicationService.cs(484,44): error CS1061: 'Mod' does not contain a definition for 'Guid' and no accessible extension method 'Guid' accepting a first argument of type 'Mod' could be found (are you missing a using directive or an assembly reference?) [C:\dev\personal\SPT-Check-Mods\CheckMods.csproj]
C:\dev\personal\SPT-Check-Mods\Services\ApplicationService.cs(486,74): error CS1061: 'Mod' does not contain a definition for 'Guid' and no accessible extension method 'Guid' accepting a first argument of type 'Mod' could be found (are you missing a using directive or an assembly reference?) [C:\dev\personal\SPT-Check-Mods\CheckMods.csproj]
C:\dev\personal\SPT-Check-Mods\Services\PluginMetadataExtractor.cs(191,44): error CS1061: 'Mod' does not contain a definition for 'Guid' and no accessible extension method 'Guid' accepting a first argument of type 'Mod' could be found (are you missing a using directive or an assembly reference?) [C:\dev\personal\SPT-Check-Mods\CheckMods.csproj]
C:\dev\personal\SPT-Check-Mods\Services\PluginMetadataExtractor.cs(191,54): error CS1061: 'Mod' does not contain a definition for 'LocalName' and no accessible extension method 'LocalName' accepting a first argument of type 'Mod' could be found (are you missing a using directive or an assembly reference?) [C:\dev\personal\SPT-Check-Mods\CheckMods.csproj]
C:\dev\personal\SPT-Check-Mods\Services\PluginMetadataExtractor.cs(191,69): error CS1061: 'Mod' does not contain a definition for 'LocalVersion' and no accessible extension method 'LocalVersion' accepting a first argument of type 'Mod' could be found (are you missing a using directive or an assembly reference?) [C:\dev\personal\SPT-Check-Mods\CheckMods.csproj]
C:\dev\personal\SPT-Check-Mods\Services\SptInstallationService.cs(70,38): error CS7036: There is no argument given that corresponds to the required parameter 'context' of 'SemVer.TryParse(string?, string)' [C:\dev\personal\SPT-Check-Mods\CheckMods.csproj]
C:\dev\personal\SPT-Check-Mods\Services\SptInstallationService.cs(71,32): error CS9135: A constant value of type 'OneOf<Version, InvalidSemVer>' is expected [C:\dev\personal\SPT-Check-Mods\CheckMods.csproj]
C:\dev\personal\SPT-Check-Mods\Services\SptInstallationService.cs(79,16): error CS0029: Cannot implicitly convert type 'OneOf.OneOf<SemanticVersioning.Version, CheckMods.Models.InvalidSemVer>' to 'SemanticVersioning.Version' [C:\dev\personal\SPT-Check-Mods\CheckMods.csproj]
C:\dev\personal\SPT-Check-Mods\Services\ApplicationService.cs(513,43): error CS1061: 'Mod' does not contain a definition for 'LocalName' and no accessible extension method 'LocalName' accepting a first argument of type 'Mod' could be found (are you missing a using directive or an assembly reference?) [C:\dev\personal\SPT-Check-Mods\CheckMods.csproj]
C:\dev\personal\SPT-Check-Mods\Services\ApplicationService.cs(518,32): error CS1061: 'Mod' does not contain a definition for 'IsServerMod' and no accessible extension method 'IsServerMod' accepting a first argument of type 'Mod' could be found (are you missing a using directive or an assembly reference?) [C:\dev\personal\SPT-Check-Mods\CheckMods.csproj]
C:\dev\personal\SPT-Check-Mods\Services\ApplicationService.cs(519,57): error CS1061: 'Mod' does not contain a definition for 'LocalName' and no accessible extension method 'LocalName' accepting a first argument of type 'Mod' could be found (are you missing a using directive or an assembly reference?) [C:\dev\personal\SPT-Check-Mods\CheckMods.csproj]
C:\dev\personal\SPT-Check-Mods\Services\ApplicationService.cs(520,63): error CS1061: 'Mod' does not contain a definition for 'LocalName' and no accessible extension method 'LocalName' accepting a first argument of type 'Mod' could be found (are you missing a using directive or an assembly reference?) [C:\dev\personal\SPT-Check-Mods\CheckMods.csproj]
C:\dev\personal\SPT-Check-Mods\Services\ApplicationService.cs(533,67): error CS1061: 'Mod' does not contain a definition for 'LocalName' and no accessible extension method 'LocalName' accepting a first argument of type 'Mod' could be found (are you missing a using directive or an assembly reference?) [C:\dev\personal\SPT-Check-Mods\CheckMods.csproj]
C:\dev\personal\SPT-Check-Mods\Services\ApplicationService.cs(547,86): error CS1061: 'Mod' does not contain a definition for 'LocalName' and no accessible extension method 'LocalName' accepting a first argument of type 'Mod' could be found (are you missing a using directive or an assembly reference?) [C:\dev\personal\SPT-Check-Mods\CheckMods.csproj]
C:\dev\personal\SPT-Check-Mods\Services\ServerModExtractor.cs(179,23): error CS7036: There is no argument given that corresponds to the required parameter 'context' of 'SemVer.TryParse(string?, string)' [C:\dev\personal\SPT-Check-Mods\CheckMods.csproj]
C:\dev\personal\SPT-Check-Mods\Services\SptInstallationService.cs(97,58): error CS7036: There is no argument given that corresponds to the required parameter 'context' of 'SemVer.TryParse(string?, string)' [C:\dev\personal\SPT-Check-Mods\CheckMods.csproj]
C:\dev\personal\SPT-Check-Mods\Services\SptInstallationService.cs(109,24): error CS1662: Cannot convert lambda expression to intended delegate type because some of the return types in the block are not implicitly convertible to the delegate return type [C:\dev\personal\SPT-Check-Mods\CheckMods.csproj]
C:\dev\personal\SPT-Check-Mods\Services\UI\TextRenderer.cs(297,21): error CS1061: 'Mod' does not contain a definition for 'ApiModId' and no accessible extension method 'ApiModId' accepting a first argument of type 'Mod' could be found (are you missing a using directive or an assembly reference?) [C:\dev\personal\SPT-Check-Mods\CheckMods.csproj]
C:\dev\personal\SPT-Check-Mods\Services\UI\TextRenderer.cs(297,75): error CS1061: 'Mod' does not contain a definition for 'ApiModId' and no accessible extension method 'ApiModId' accepting a first argument of type 'Mod' could be found (are you missing a using directive or an assembly reference?) [C:\dev\personal\SPT-Check-Mods\CheckMods.csproj]
C:\dev\personal\SPT-Check-Mods\Services\ApplicationService.cs(624,60): error CS1061: 'Mod' does not contain a definition for 'ApiVersions' and no accessible extension method 'ApiVersions' accepting a first argument of type 'Mod' could be found (are you missing a using directive or an assembly reference?) [C:\dev\personal\SPT-Check-Mods\CheckMods.csproj]
C:\dev\personal\SPT-Check-Mods\Services\ApplicationService.cs(624,96): error CS1061: 'Mod' does not contain a definition for 'UpdateSuppressed' and no accessible extension method 'UpdateSuppressed' accepting a first argument of type 'Mod' could be found (are you missing a using directive or an assembly reference?) [C:\dev\personal\SPT-Check-Mods\CheckMods.csproj]
C:\dev\personal\SPT-Check-Mods\Services\PluginMetadataExtractor.cs(310,25): error CS1061: 'Mod' does not contain a definition for 'AlternateGuids' and no accessible extension method 'AlternateGuids' accepting a first argument of type 'Mod' could be found (are you missing a using directive or an assembly reference?) [C:\dev\personal\SPT-Check-Mods\CheckMods.csproj]
C:\dev\personal\SPT-Check-Mods\Services\PluginMetadataExtractor.cs(314,17): error CS1061: 'Mod' does not contain a definition for 'AlternateGuids' and no accessible extension method 'AlternateGuids' accepting a first argument of type 'Mod' could be found (are you missing a using directive or an assembly reference?) [C:\dev\personal\SPT-Check-Mods\CheckMods.csproj]
C:\dev\personal\SPT-Check-Mods\Services\ApplicationService.cs(644,39): error CS1061: 'Mod' does not contain a definition for 'ApiVersions' and no accessible extension method 'ApiVersions' accepting a first argument of type 'Mod' could be found (are you missing a using directive or an assembly reference?) [C:\dev\personal\SPT-Check-Mods\CheckMods.csproj]
C:\dev\personal\SPT-Check-Mods\Services\ApplicationService.cs(645,42): error CS1061: 'Mod' does not contain a definition for 'LocalVersion' and no accessible extension method 'LocalVersion' accepting a first argument of type 'Mod' could be found (are you missing a using directive or an assembly reference?) [C:\dev\personal\SPT-Check-Mods\CheckMods.csproj]
C:\dev\personal\SPT-Check-Mods\Services\ApplicationService.cs(676,37): error CS1061: 'Mod' does not contain a definition for 'LocalVersion' and no accessible extension method 'LocalVersion' accepting a first argument of type 'Mod' could be found (are you missing a using directive or an assembly reference?) [C:\dev\personal\SPT-Check-Mods\CheckMods.csproj]
C:\dev\personal\SPT-Check-Mods\Services\ApplicationService.cs(679,40): error CS1061: 'Mod' does not contain a definition for 'ApiVersions' and no accessible extension method 'ApiVersions' accepting a first argument of type 'Mod' could be found (are you missing a using directive or an assembly reference?) [C:\dev\personal\SPT-Check-Mods\CheckMods.csproj]
C:\dev\personal\SPT-Check-Mods\Services\ApplicationService.cs(682,44): error CS0117: 'SemVer' does not contain a definition for 'ParseOrZero' [C:\dev\personal\SPT-Check-Mods\CheckMods.csproj]
C:\dev\personal\SPT-Check-Mods\Services\PluginMetadataExtractor.cs(328,13): error CS0117: 'Mod' does not contain a definition for 'Guid' [C:\dev\personal\SPT-Check-Mods\CheckMods.csproj]
C:\dev\personal\SPT-Check-Mods\Services\PluginMetadataExtractor.cs(329,13): error CS0117: 'Mod' does not contain a definition for 'FilePath' [C:\dev\personal\SPT-Check-Mods\CheckMods.csproj]
C:\dev\personal\SPT-Check-Mods\Services\PluginMetadataExtractor.cs(330,13): error CS0117: 'Mod' does not contain a definition for 'IsServerMod' [C:\dev\personal\SPT-Check-Mods\CheckMods.csproj]
C:\dev\personal\SPT-Check-Mods\Services\PluginMetadataExtractor.cs(331,13): error CS0117: 'Mod' does not contain a definition for 'LocalName' [C:\dev\personal\SPT-Check-Mods\CheckMods.csproj]
C:\dev\personal\SPT-Check-Mods\Services\PluginMetadataExtractor.cs(332,13): error CS0117: 'Mod' does not contain a definition for 'LocalAuthor' [C:\dev\personal\SPT-Check-Mods\CheckMods.csproj]
C:\dev\personal\SPT-Check-Mods\Services\PluginMetadataExtractor.cs(333,13): error CS0117: 'Mod' does not contain a definition for 'LocalVersion' [C:\dev\personal\SPT-Check-Mods\CheckMods.csproj]
C:\dev\personal\SPT-Check-Mods\Services\PluginMetadataExtractor.cs(334,13): error CS0117: 'Mod' does not contain a definition for 'LocalSptVersion' [C:\dev\personal\SPT-Check-Mods\CheckMods.csproj]
C:\dev\personal\SPT-Check-Mods\Services\PluginMetadataExtractor.cs(326,20): error CS9035: Required member 'Mod.Local' must be set in the object initializer or attribute constructor. [C:\dev\personal\SPT-Check-Mods\CheckMods.csproj]
C:\dev\personal\SPT-Check-Mods\Services\UI\TextRenderer.cs(372,25): error CS1061: 'Mod' does not contain a definition for 'LocalVersion' and no accessible extension method 'LocalVersion' accepting a first argument of type 'Mod' could be found (are you missing a using directive or an assembly reference?) [C:\dev\personal\SPT-Check-Mods\CheckMods.csproj]
C:\dev\personal\SPT-Check-Mods\Services\UI\TextRenderer.cs(373,27): error CS1061: 'Mod' does not contain a definition for 'LatestVersion' and no accessible extension method 'LatestVersion' accepting a first argument of type 'Mod' could be found (are you missing a using directive or an assembly reference?) [C:\dev\personal\SPT-Check-Mods\CheckMods.csproj]
C:\dev\personal\SPT-Check-Mods\Services\ApplicationService.cs(703,75): error CS1061: 'Mod' does not contain a definition for 'Guid' and no accessible extension method 'Guid' accepting a first argument of type 'Mod' could be found (are you missing a using directive or an assembly reference?) [C:\dev\personal\SPT-Check-Mods\CheckMods.csproj]
C:\dev\personal\SPT-Check-Mods\Services\ApplicationService.cs(708,61): error CS1061: 'Mod' does not contain a definition for 'ApiModId' and no accessible extension method 'ApiModId' accepting a first argument of type 'Mod' could be found (are you missing a using directive or an assembly reference?) [C:\dev\personal\SPT-Check-Mods\CheckMods.csproj]
C:\dev\personal\SPT-Check-Mods\Services\ApplicationService.cs(714,22): error CS1061: 'Mod' does not contain a definition for 'ApiModId' and no accessible extension method 'ApiModId' accepting a first argument of type 'Mod' could be found (are you missing a using directive or an assembly reference?) [C:\dev\personal\SPT-Check-Mods\CheckMods.csproj]
C:\dev\personal\SPT-Check-Mods\Services\ApplicationService.cs(715,22): error CS1061: 'Mod' does not contain a definition for 'UpdateStatus' and no accessible extension method 'UpdateStatus' accepting a first argument of type 'Mod' could be found (are you missing a using directive or an assembly reference?) [C:\dev\personal\SPT-Check-Mods\CheckMods.csproj]
C:\dev\personal\SPT-Check-Mods\Services\ApplicationService.cs(716,49): error CS1061: 'Mod' does not contain a definition for 'LatestVersion' and no accessible extension method 'LatestVersion' accepting a first argument of type 'Mod' could be found (are you missing a using directive or an assembly reference?) [C:\dev\personal\SPT-Check-Mods\CheckMods.csproj]
C:\dev\personal\SPT-Check-Mods\Services\UI\TableRenderer.cs(30,50): error CS1061: 'Mod' does not contain a definition for 'IsLocalSptIncompatible' and no accessible extension method 'IsLocalSptIncompatible' accepting a first argument of type 'Mod' could be found (are you missing a using directive or an assembly reference?) [C:\dev\personal\SPT-Check-Mods\CheckMods.csproj]
C:\dev\personal\SPT-Check-Mods\Services\UI\TableRenderer.cs(85,31): error CS1061: 'Mod' does not contain a definition for 'IsServerMod' and no accessible extension method 'IsServerMod' accepting a first argument of type 'Mod' could be found (are you missing a using directive or an assembly reference?) [C:\dev\personal\SPT-Check-Mods\CheckMods.csproj]
C:\dev\personal\SPT-Check-Mods\Services\UI\TableRenderer.cs(86,58): error CS1061: 'Mod' does not contain a definition for 'LocalName' and no accessible extension method 'LocalName' accepting a first argument of type 'Mod' could be found (are you missing a using directive or an assembly reference?) [C:\dev\personal\SPT-Check-Mods\CheckMods.csproj]
C:\dev\personal\SPT-Check-Mods\Services\UI\TableRenderer.cs(86,75): error CS1061: 'Mod' does not contain a definition for 'LocalName' and no accessible extension method 'LocalName' accepting a first argument of type 'Mod' could be found (are you missing a using directive or an assembly reference?) [C:\dev\personal\SPT-Check-Mods\CheckMods.csproj]
C:\dev\personal\SPT-Check-Mods\Services\UI\TableRenderer.cs(86,108): error CS1061: 'Mod' does not contain a definition for 'FilePath' and no accessible extension method 'FilePath' accepting a first argument of type 'Mod' could be found (are you missing a using directive or an assembly reference?) [C:\dev\personal\SPT-Check-Mods\CheckMods.csproj]
C:\dev\personal\SPT-Check-Mods\Services\UI\TableRenderer.cs(88,58): error CS1061: 'Mod' does not contain a definition for 'ApiUrl' and no accessible extension method 'ApiUrl' accepting a first argument of type 'Mod' could be found (are you missing a using directive or an assembly reference?) [C:\dev\personal\SPT-Check-Mods\CheckMods.csproj]
C:\dev\personal\SPT-Check-Mods\Services\UI\TableRenderer.cs(96,48): error CS1061: 'Mod' does not contain a definition for 'ApiSourceCodeUrl' and no accessible extension method 'ApiSourceCodeUrl' accepting a first argument of type 'Mod' could be found (are you missing a using directive or an assembly reference?) [C:\dev\personal\SPT-Check-Mods\CheckMods.csproj]
C:\dev\personal\SPT-Check-Mods\Services\UI\TableRenderer.cs(98,70): error CS1061: 'Mod' does not contain a definition for 'ApiSourceCodeUrl' and no accessible extension method 'ApiSourceCodeUrl' accepting a first argument of type 'Mod' could be found (are you missing a using directive or an assembly reference?) [C:\dev\personal\SPT-Check-Mods\CheckMods.csproj]
C:\dev\personal\SPT-Check-Mods\Services\UI\TableRenderer.cs(100,53): error CS1061: 'Mod' does not contain a definition for 'ApiUrl' and no accessible extension method 'ApiUrl' accepting a first argument of type 'Mod' could be found (are you missing a using directive or an assembly reference?) [C:\dev\personal\SPT-Check-Mods\CheckMods.csproj]
C:\dev\personal\SPT-Check-Mods\Services\UI\TableRenderer.cs(102,70): error CS1061: 'Mod' does not contain a definition for 'ApiUrl' and no accessible extension method 'ApiUrl' accepting a first argument of type 'Mod' could be found (are you missing a using directive or an assembly reference?) [C:\dev\personal\SPT-Check-Mods\CheckMods.csproj]
C:\dev\personal\SPT-Check-Mods\Services\PluginMetadataExtractor.cs(527,23): error CS7036: There is no argument given that corresponds to the required parameter 'context' of 'SemVer.TryParse(string?, string)' [C:\dev\personal\SPT-Check-Mods\CheckMods.csproj]
C:\dev\personal\SPT-Check-Mods\Services\UI\TableRenderer.cs(133,52): error CS1061: 'Mod' does not contain a definition for 'LocalName' and no accessible extension method 'LocalName' accepting a first argument of type 'Mod' could be found (are you missing a using directive or an assembly reference?) [C:\dev\personal\SPT-Check-Mods\CheckMods.csproj]
C:\dev\personal\SPT-Check-Mods\Services\UI\TableRenderer.cs(135,79): error CS1061: 'Mod' does not contain a definition for 'ApiUrl' and no accessible extension method 'ApiUrl' accepting a first argument of type 'Mod' could be found (are you missing a using directive or an assembly reference?) [C:\dev\personal\SPT-Check-Mods\CheckMods.csproj]
C:\dev\personal\SPT-Check-Mods\Services\UI\TableRenderer.cs(143,81): error CS1061: 'Mod' does not contain a definition for 'ApiSourceCodeUrl' and no accessible extension method 'ApiSourceCodeUrl' accepting a first argument of type 'Mod' could be found (are you missing a using directive or an assembly reference?) [C:\dev\personal\SPT-Check-Mods\CheckMods.csproj]
C:\dev\personal\SPT-Check-Mods\Services\UI\TableRenderer.cs(144,44): error CS1061: 'Mod' does not contain a definition for 'ApiSourceCodeUrl' and no accessible extension method 'ApiSourceCodeUrl' accepting a first argument of type 'Mod' could be found (are you missing a using directive or an assembly reference?) [C:\dev\personal\SPT-Check-Mods\CheckMods.csproj]
C:\dev\personal\SPT-Check-Mods\Services\UI\TableRenderer.cs(145,44): error CS1061: 'Mod' does not contain a definition for 'ApiUrl' and no accessible extension method 'ApiUrl' accepting a first argument of type 'Mod' could be found (are you missing a using directive or an assembly reference?) [C:\dev\personal\SPT-Check-Mods\CheckMods.csproj]
C:\dev\personal\SPT-Check-Mods\Services\UI\TableRenderer.cs(147,70): error CS1061: 'Mod' does not contain a definition for 'Guid' and no accessible extension method 'Guid' accepting a first argument of type 'Mod' could be found (are you missing a using directive or an assembly reference?) [C:\dev\personal\SPT-Check-Mods\CheckMods.csproj]
C:\dev\personal\SPT-Check-Mods\Services\UI\TableRenderer.cs(147,91): error CS1061: 'Mod' does not contain a definition for 'Guid' and no accessible extension method 'Guid' accepting a first argument of type 'Mod' could be found (are you missing a using directive or an assembly reference?) [C:\dev\personal\SPT-Check-Mods\CheckMods.csproj]
C:\dev\personal\SPT-Check-Mods\Services\UI\TableRenderer.cs(280,48): error CS1061: 'Mod' does not contain a definition for 'Guid' and no accessible extension method 'Guid' accepting a first argument of type 'Mod' could be found (are you missing a using directive or an assembly reference?) [C:\dev\personal\SPT-Check-Mods\CheckMods.csproj]
C:\dev\personal\SPT-Check-Mods\Services\UI\TableRenderer.cs(282,52): error CS1061: 'Mod' does not contain a definition for 'Guid' and no accessible extension method 'Guid' accepting a first argument of type 'Mod' could be found (are you missing a using directive or an assembly reference?) [C:\dev\personal\SPT-Check-Mods\CheckMods.csproj]
C:\dev\personal\SPT-Check-Mods\Services\UI\TableRenderer.cs(285,48): error CS1061: 'Mod' does not contain a definition for 'FilePath' and no accessible extension method 'FilePath' accepting a first argument of type 'Mod' could be found (are you missing a using directive or an assembly reference?) [C:\dev\personal\SPT-Check-Mods\CheckMods.csproj]
C:\dev\personal\SPT-Check-Mods\Services\UI\TableRenderer.cs(287,52): error CS1061: 'Mod' does not contain a definition for 'FilePath' and no accessible extension method 'FilePath' accepting a first argument of type 'Mod' could be found (are you missing a using directive or an assembly reference?) [C:\dev\personal\SPT-Check-Mods\CheckMods.csproj]
C:\dev\personal\SPT-Check-Mods\Services\UI\TableRenderer.cs(371,32): error CS1061: 'Mod' does not contain a definition for 'LocalVersion' and no accessible extension method 'LocalVersion' accepting a first argument of type 'Mod' could be found (are you missing a using directive or an assembly reference?) [C:\dev\personal\SPT-Check-Mods\CheckMods.csproj]
C:\dev\personal\SPT-Check-Mods\Services\UI\TableRenderer.cs(393,49): error CS1061: 'Mod' does not contain a definition for 'ApiUrl' and no accessible extension method 'ApiUrl' accepting a first argument of type 'Mod' could be found (are you missing a using directive or an assembly reference?) [C:\dev\personal\SPT-Check-Mods\CheckMods.csproj]
C:\dev\personal\SPT-Check-Mods\Services\UI\TableRenderer.cs(395,32): error CS1061: 'Mod' does not contain a definition for 'ApiUrl' and no accessible extension method 'ApiUrl' accepting a first argument of type 'Mod' could be found (are you missing a using directive or an assembly reference?) [C:\dev\personal\SPT-Check-Mods\CheckMods.csproj]
C:\dev\personal\SPT-Check-Mods\Services\UI\TableRenderer.cs(497,61): error CS1061: 'Mod' does not contain a definition for 'LatestVersion' and no accessible extension method 'LatestVersion' accepting a first argument of type 'Mod' could be found (are you missing a using directive or an assembly reference?) [C:\dev\personal\SPT-Check-Mods\CheckMods.csproj]
C:\dev\personal\SPT-Check-Mods\Services\UI\TableRenderer.cs(499,58): error CS0117: 'SemVer' does not contain a definition for 'ParseOrZero' [C:\dev\personal\SPT-Check-Mods\CheckMods.csproj]
C:\dev\personal\SPT-Check-Mods\Services\UI\TableRenderer.cs(613,33): error CS1061: 'Mod' does not contain a definition for 'LatestVersion' and no accessible extension method 'LatestVersion' accepting a first argument of type 'Mod' could be found (are you missing a using directive or an assembly reference?) [C:\dev\personal\SPT-Check-Mods\CheckMods.csproj]
C:\dev\personal\SPT-Check-Mods\Services\UI\TableRenderer.cs(615,17): error CS1061: 'Mod' does not contain a definition for 'UpdateSuppressed' and no accessible extension method 'UpdateSuppressed' accepting a first argument of type 'Mod' could be found (are you missing a using directive or an assembly reference?) [C:\dev\personal\SPT-Check-Mods\CheckMods.csproj]
C:\dev\personal\SPT-Check-Mods\Services\UI\TableRenderer.cs(620,20): error CS1061: 'Mod' does not contain a definition for 'UpdateStatus' and no accessible extension method 'UpdateStatus' accepting a first argument of type 'Mod' could be found (are you missing a using directive or an assembly reference?) [C:\dev\personal\SPT-Check-Mods\CheckMods.csproj]

Build FAILED.
    1 Warning(s)
    207 Error(s)

Time Elapsed 00:00:02.93
